******************************************************************************
                  MSP430 Linker PC v16.9.3                     
******************************************************************************
>> Linked Sun Aug 27 18:13:15 2017

OUTPUT FILE NAME:   <sous_vide.out>
ENTRY POINT SYMBOL: "RESET"  address: 0000f800


MEMORY CONFIGURATION

         name            origin    length      used     unused   attr    fill
----------------------  --------  ---------  --------  --------  ----  --------
  SFR                   00000000   00000010  00000000  00000010  RWIX
  PERIPHERALS_8BIT      00000010   000000f0  00000000  000000f0  RWIX
  PERIPHERALS_16BIT     00000100   00000100  00000000  00000100  RWIX
  RAM                   00000200   00000080  00000000  00000080  RWIX
  INFOD                 00001000   00000040  00000000  00000040  RWIX
  INFOC                 00001040   00000040  00000000  00000040  RWIX
  INFOB                 00001080   00000040  00000000  00000040  RWIX
  INFOA                 000010c0   00000040  00000000  00000040  RWIX
  FLASH                 0000f800   000007e0  00000132  000006ae  RWIX
  INT00                 0000ffe0   00000002  00000000  00000002  RWIX
  INT01                 0000ffe2   00000002  00000000  00000002  RWIX
  INT02                 0000ffe4   00000002  00000002  00000000  RWIX
  INT03                 0000ffe6   00000002  00000002  00000000  RWIX
  INT04                 0000ffe8   00000002  00000002  00000000  RWIX
  INT05                 0000ffea   00000002  00000002  00000000  RWIX
  INT06                 0000ffec   00000002  00000000  00000002  RWIX
  INT07                 0000ffee   00000002  00000000  00000002  RWIX
  INT08                 0000fff0   00000002  00000002  00000000  RWIX
  INT09                 0000fff2   00000002  00000002  00000000  RWIX
  INT10                 0000fff4   00000002  00000002  00000000  RWIX
  INT11                 0000fff6   00000002  00000000  00000002  RWIX
  INT12                 0000fff8   00000002  00000000  00000002  RWIX
  INT13                 0000fffa   00000002  00000000  00000002  RWIX
  INT14                 0000fffc   00000002  00000002  00000000  RWIX
  RESET                 0000fffe   00000002  00000002  00000000  RWIX


SECTION ALLOCATION MAP

 output                                  attributes/
section   page    origin      length       input sections
--------  ----  ----------  ----------   ----------------
.stack     0    00000280    00000000     

.text      0    0000f800    00000132     
                  0000f800    0000012a     main.obj (.text)
                  0000f92a    00000008     rts430_eabi.lib : isr_trap.obj (.text:_isr:__TI_ISR_TRAP)

.cinit     0    0000f800    00000000     UNINITIALIZED

.binit     0    0000f800    00000000     

.init_array 
*          0    0000f800    00000000     UNINITIALIZED

PORT1      0    0000ffe4    00000002     
                  0000ffe4    00000002     rts430_eabi.lib : int02.obj (.int02)

PORT2      0    0000ffe6    00000002     
                  0000ffe6    00000002     rts430_eabi.lib : int03.obj (.int03)

USI        0    0000ffe8    00000002     
                  0000ffe8    00000002     rts430_eabi.lib : int04.obj (.int04)

ADC10      0    0000ffea    00000002     
                  0000ffea    00000002     rts430_eabi.lib : int05.obj (.int05)

TIMERA1    0    0000fff0    00000002     
                  0000fff0    00000002     rts430_eabi.lib : int08.obj (.int08)

TIMERA0    0    0000fff2    00000002     
                  0000fff2    00000002     rts430_eabi.lib : int09.obj (.int09)

WDT        0    0000fff4    00000002     
                  0000fff4    00000002     rts430_eabi.lib : int10.obj (.int10)

NMI        0    0000fffc    00000002     
                  0000fffc    00000002     rts430_eabi.lib : int14.obj (.int14)

.reset     0    0000fffe    00000002     
                  0000fffe    00000002     main.obj (.reset)

MODULE SUMMARY

       Module         code   ro data   rw data
       ------         ----   -------   -------
    .\
       main.obj       298    2         0      
    +--+--------------+------+---------+---------+
       Total:         298    2         0      
                                              
    C:\ti\ccs710\ccsv7\tools\compiler\ti-cgt-msp430_16.9.3.LTS\lib\rts430_eabi.lib
       isr_trap.obj   8      0         0      
       int02.obj      0      2         0      
       int03.obj      0      2         0      
       int04.obj      0      2         0      
       int05.obj      0      2         0      
       int08.obj      0      2         0      
       int09.obj      0      2         0      
       int10.obj      0      2         0      
       int14.obj      0      2         0      
    +--+--------------+------+---------+---------+
       Total:         8      16        0      
                                              
    +--+--------------+------+---------+---------+
       Grand Total:   306    18        0      


GLOBAL SYMBOLS: SORTED ALPHABETICALLY BY Name 

address   name                
-------   ----                
0000004a  ADC10AE0            
000001b0  ADC10CTL0           
000001b2  ADC10CTL1           
00000048  ADC10DTC0           
00000049  ADC10DTC1           
000001b4  ADC10MEM            
000001bc  ADC10SA             
00000057  BCSCTL1             
00000058  BCSCTL2             
00000053  BCSCTL3             
000010ff  CALBC1_1MHZ         
000010fe  CALDCO_1MHZ         
00000056  DCOCTL              
00000128  FCTL1               
0000012a  FCTL2               
0000012c  FCTL3               
00000000  IE1                 
00000002  IFG1                
00000022  P1DIR               
00000025  P1IE                
00000024  P1IES               
00000023  P1IFG               
00000020  P1IN                
00000021  P1OUT               
00000027  P1REN               
00000026  P1SEL               
0000002a  P2DIR               
0000002d  P2IE                
0000002c  P2IES               
0000002b  P2IFG               
00000028  P2IN                
00000029  P2OUT               
0000002f  P2REN               
0000002e  P2SEL               
0000f800  RESET               
00000172  TACCR0              
00000174  TACCR1              
00000162  TACCTL0             
00000164  TACCTL1             
00000160  TACTL               
0000012e  TAIV                
00000170  TAR                 
0000007a  USICCTL             
0000007a  USICKCTL            
0000007b  USICNT              
00000078  USICTL              
00000078  USICTL0             
00000079  USICTL1             
0000007c  USISR               
0000007d  USISRH              
0000007c  USISRL              
00000120  WDTCTL              
00000280  __STACK_END         
00000000  __STACK_SIZE        
0000f92a  __TI_ISR_TRAP       
0000ffe4  __TI_int02          
0000ffe6  __TI_int03          
0000ffe8  __TI_int04          
0000ffea  __TI_int05          
0000fff0  __TI_int08          
0000fff2  __TI_int09          
0000fff4  __TI_int10          
0000fffc  __TI_int14          
ffffffff  __TI_pprof_out_hndl 
ffffffff  __TI_prof_data_size 
ffffffff  __TI_prof_data_start
ffffffff  __c_args__          


GLOBAL SYMBOLS: SORTED BY Symbol Address 

address   name                
-------   ----                
00000000  IE1                 
00000000  __STACK_SIZE        
00000002  IFG1                
00000020  P1IN                
00000021  P1OUT               
00000022  P1DIR               
00000023  P1IFG               
00000024  P1IES               
00000025  P1IE                
00000026  P1SEL               
00000027  P1REN               
00000028  P2IN                
00000029  P2OUT               
0000002a  P2DIR               
0000002b  P2IFG               
0000002c  P2IES               
0000002d  P2IE                
0000002e  P2SEL               
0000002f  P2REN               
00000048  ADC10DTC0           
00000049  ADC10DTC1           
0000004a  ADC10AE0            
00000053  BCSCTL3             
00000056  DCOCTL              
00000057  BCSCTL1             
00000058  BCSCTL2             
00000078  USICTL              
00000078  USICTL0             
00000079  USICTL1             
0000007a  USICCTL             
0000007a  USICKCTL            
0000007b  USICNT              
0000007c  USISR               
0000007c  USISRL              
0000007d  USISRH              
00000120  WDTCTL              
00000128  FCTL1               
0000012a  FCTL2               
0000012c  FCTL3               
0000012e  TAIV                
00000160  TACTL               
00000162  TACCTL0             
00000164  TACCTL1             
00000170  TAR                 
00000172  TACCR0              
00000174  TACCR1              
000001b0  ADC10CTL0           
000001b2  ADC10CTL1           
000001b4  ADC10MEM            
000001bc  ADC10SA             
00000280  __STACK_END         
000010fe  CALDCO_1MHZ         
000010ff  CALBC1_1MHZ         
0000f800  RESET               
0000f92a  __TI_ISR_TRAP       
0000ffe4  __TI_int02          
0000ffe6  __TI_int03          
0000ffe8  __TI_int04          
0000ffea  __TI_int05          
0000fff0  __TI_int08          
0000fff2  __TI_int09          
0000fff4  __TI_int10          
0000fffc  __TI_int14          
ffffffff  __TI_pprof_out_hndl 
ffffffff  __TI_prof_data_size 
ffffffff  __TI_prof_data_start
ffffffff  __c_args__          

[67 symbols]
